[INFO] Scanning for projects...
[INFO] 
[INFO] -------------------< com.platform:ecommerce-backend >-------------------
[INFO] Building ecommerce-backend 0.1.0-SNAPSHOT
[INFO]   from pom.xml
[INFO] --------------------------------[ jar ]---------------------------------
[INFO] 
[INFO] --- resources:3.3.1:resources (default-resources) @ ecommerce-backend ---
[INFO] Copying 3 resources from src\main\resources to target\classes
[INFO] Copying 6 resources from src\main\resources to target\classes
[INFO] 
[INFO] --- compiler:3.13.0:compile (default-compile) @ ecommerce-backend ---
[INFO] Nothing to compile - all classes are up to date.
[INFO] ------------------------------------------------------------------------
[INFO] BUILD SUCCESS
[INFO] ------------------------------------------------------------------------
[INFO] Total time:  1.940 s
[INFO] Finished at: 2026-08-12T15:07:34+03:00
[INFO] ------------------------------------------------------------------------
